=== top-k sweep on the expanded set, started Fri Aug 21 23:31:41 AEST 2026 ===
--- k=3 (includes B0, which is k-independent) ---
snapshot 84636c1d6741 · config structure_aware_meta · 24 chunks · k=3

[1/100] q01: How many hours a fortnight can a Subclass 500 student visa holde...
[2/100] q02: What is the maximum stay on a Subclass 485 Temporary Graduate vi...
[3/100] q03: Does a Subclass 482 Skills in Demand visa require employer spons...
[4/100] q04: Can a Subclass 417 Working Holiday visa holder work for the same...
[5/100] q05: What is condition 8547 and which visa holders does it apply to?...
[6/100] q06: How much does a Subclass 500 student visa cost?...
[7/100] q07: How many hours a fortnight am I allowed to work on my visa?...
[8/100] q08: Can I work for the same employer for more than 6 months?...
[9/100] q09: I'm an international student who just graduated with a bachelor'...
[10/100] q10: Will my Subclass 482 visa application be approved?...
[11/100] q11: I've been offered a job that pays slightly below the Specialist ...
[12/100] q12: What's the weather like in Melbourne this week?...
[13/100] q13: I'm on a Working Holiday visa doing fruit picking on a farm — do...
[14/100] q14: What age must I be to meet the basic age requirement for a first...
[15/100] q15: What passport requirement applies to a Subclass 417 Working Holi...
[16/100] q16: Can dependent children accompany me when I apply for a Subclass ...
[17/100] q17: Can I work in Australia on my first Subclass 417 Working Holiday...
[18/100] q18: Can a first Subclass 417 Working Holiday visa holder apply for a...
[19/100] q19: How long is a first Subclass 417 Working Holiday visa, and what ...
[20/100] q20: Who is the second Subclass 417 Working Holiday visa intended for...
[21/100] q21: What kind of work can I do on a second Subclass 417 Working Holi...
[22/100] q22: How much specified Subclass 417 work must I complete for a secon...
[23/100] q23: If I apply in Australia for a second Subclass 417 Working Holida...
[24/100] q24: Can a second Subclass 417 Working Holiday visa holder apply for ...
[25/100] q25: After completing the required specified work, how long is a seco...
[26/100] q26: Who is the third Subclass 417 Working Holiday visa intended for?...
[27/100] q27: What kind of work can I do on a third Subclass 417 Working Holid...
[28/100] q28: If I apply in Australia for a third Subclass 417 Working Holiday...
[29/100] q29: After completing the required specified work, how long is a thir...
[30/100] q30: What is the purpose of the Subclass 482 Skills in Demand visa?...
[31/100] q31: Who must nominate an applicant for a skilled position under Subc...
[32/100] q32: What job-skills requirement must a Subclass 482 applicant meet?...
[33/100] q33: Does a Subclass 482 applicant have to meet an English-language r...
[34/100] q34: What occupation-list requirement applies to the Subclass 482 Cor...
[35/100] q35: What are the starting cost and maximum stay for a Subclass 482 C...
[36/100] q36: Which occupations and salary condition apply to the Subclass 482...
[37/100] q37: For an occupation that meets the Specialist Skills stream condit...
[38/100] q38: What are the starting cost and maximum stay for a Subclass 482 L...
[39/100] q39: How long can a Subclass 482 subsequent entrant stay, and what is...
[40/100] q40: What is the general age requirement when applying for a Subclass...
[41/100] q41: Must a Subclass 485 Temporary Graduate applicant already hold an...
[42/100] q42: What course-registration requirement applies to a recent qualifi...
[43/100] q43: Can I change Subclass 485 streams after I submit my application?...
[44/100] q44: When must I attach the required evidence for a Subclass 485 appl...
[45/100] q45: Can a Subclass 485 Post-Vocational Education Work stream holder ...
[46/100] q46: Can I bring my family on the Subclass 485 Post-Vocational Educat...
[47/100] q47: What qualification-to-occupation link is required for the Subcla...
[48/100] q48: What are the starting cost and maximum stay for the Subclass 485...
[49/100] q49: Can a Subclass 485 Post-Higher Education Work stream holder work...
[50/100] q50: Can I bring my family on the Subclass 485 Post-Higher Education ...
[51/100] q51: What degree requirement applies to the Subclass 485 Post-Higher ...
[52/100] q52: What are the starting cost and usual stay for the Subclass 485 P...
[53/100] q53: Can a Subclass 485 Second Post-Higher Education Work stream hold...
[54/100] q54: Can I bring my family on the Subclass 485 Second Post-Higher Edu...
[55/100] q55: What is the starting cost of the Subclass 485 Second Post-Higher...
[56/100] q56: How long can a Subclass 500 Student visa allow me to stay in Aus...
[57/100] q57: Can a Subclass 500 Student visa holder participate in a course o...
[58/100] q58: Can a Subclass 500 Student visa holder travel out of and back in...
[59/100] q59: Can I apply for a Subclass 500 Student visa while I am outside A...
[60/100] q60: What enrolment document must be valid when a Subclass 500 Studen...
[61/100] q61: What health-cover requirement applies to a Subclass 500 Student ...
[62/100] q62: What is the minimum age stated for a Subclass 500 Student visa a...
[63/100] q63: Can a Working Holiday Maker work for the same employer for more ...
[64/100] q64: Which critical sectors let a Working Holiday Maker stay with the...
[65/100] q65: Which Northern Australia industries are exempt from the Working ...
[66/100] q66: When may a Working Holiday Maker be given permission to work for...
[67/100] q67: I have finished studying and want to keep working in Australia. ...
[68/100] q68: My visa application costs AUD5,750. Is that the Student visa, a ...
[69/100] q69: How long can I stay in Australia on one of these temporary visas...
[70/100] q70: Can my family or dependent children come with me on my visa?...
[71/100] q71: I recently graduated in Australia and have a job offer. Do I nee...
[72/100] q72: I am still enrolled but expect to graduate soon. When do the 48-...
[73/100] q73: I have worked for one employer for 7 months. Have I breached my ...
[74/100] q74: Does a Working Holiday visa limit my fortnightly hours in the sa...
[75/100] q75: I have a degree from a regional Australian institution. Is the S...
[76/100] q76: I completed an Australian qualification. Is my Subclass 485 stre...
[77/100] q77: I have a skilled occupation and an Australian graduate qualifica...
[78/100] q78: My employer wants me to stay for four years. Can I do that on a ...
[79/100] q79: An approved sponsor nominated me for a skilled position. Am I li...
[80/100] q80: I moved from a Student visa to a graduate work visa, and my degr...
[81/100] q81: I want to work in Australia and bring my dependent child. Does a...
[82/100] q82: I want to study an eligible course and also work in Australia. W...
[83/100] q83: What is the starting application cost for my visa?...
[84/100] q84: I am 35 years old. Does that make me too old for both a Working ...
[85/100] q85: Do I need a Confirmation of Enrolment or an approved employer no...
[86/100] q86: I worked 5 months for one employer on a Working Holiday visa and...
[87/100] q87: I changed from a Student visa to a sponsored skilled-work visa. ...
[88/100] q88: Does being an international graduate automatically mean I use Su...
[89/100] q89: Will my three months of farm work definitely get my second Subcl...
[90/100] q90: I am 36 but think an exception applies. Will Home Affairs grant ...
[91/100] q91: Which Australian visa should I choose for the best long-term car...
[92/100] q92: Should I accept a Subclass 482 sponsored job if it means leaving...
[93/100] q93: Should I drop my course so I can work more hours than my Subclas...
[94/100] q94: My employer says I am critical to the business. Can you guarante...
[95/100] q95: I uploaded my degree certificate and passport. Is that definitel...
[96/100] q96: How should I rotate labour-hire agencies so Home Affairs will no...
[97/100] q97: My Confirmation of Enrolment was cancelled yesterday. Does that ...
[98/100] q98: Can you use my passport number to tell me which visa and work co...
[99/100] q99: How much Australian income tax will I pay on my Subclass 482 sal...
[100/100] q100: Can you book flights and accommodation for my Australian working...

Wrote 100 rows:
  b0_vs_rag__structure_aware_meta_k3.csv
  b0_vs_rag__structure_aware_meta_k3.json

Manual grading columns are intentionally blank - correctness is the ground
truth every later metric is scored against and must be judged by a person.
--- k=1 (reusing B0) ---
snapshot 84636c1d6741 · config structure_aware_meta · 24 chunks · k=1

[1/100] q01: How many hours a fortnight can a Subclass 500 student visa holde...
[2/100] q02: What is the maximum stay on a Subclass 485 Temporary Graduate vi...
[3/100] q03: Does a Subclass 482 Skills in Demand visa require employer spons...
[4/100] q04: Can a Subclass 417 Working Holiday visa holder work for the same...
[5/100] q05: What is condition 8547 and which visa holders does it apply to?...
[6/100] q06: How much does a Subclass 500 student visa cost?...
[7/100] q07: How many hours a fortnight am I allowed to work on my visa?...
[8/100] q08: Can I work for the same employer for more than 6 months?...
[9/100] q09: I'm an international student who just graduated with a bachelor'...
[10/100] q10: Will my Subclass 482 visa application be approved?...
[11/100] q11: I've been offered a job that pays slightly below the Specialist ...
[12/100] q12: What's the weather like in Melbourne this week?...
[13/100] q13: I'm on a Working Holiday visa doing fruit picking on a farm — do...
[14/100] q14: What age must I be to meet the basic age requirement for a first...
[15/100] q15: What passport requirement applies to a Subclass 417 Working Holi...
[16/100] q16: Can dependent children accompany me when I apply for a Subclass ...
[17/100] q17: Can I work in Australia on my first Subclass 417 Working Holiday...
[18/100] q18: Can a first Subclass 417 Working Holiday visa holder apply for a...
[19/100] q19: How long is a first Subclass 417 Working Holiday visa, and what ...
[20/100] q20: Who is the second Subclass 417 Working Holiday visa intended for...
[21/100] q21: What kind of work can I do on a second Subclass 417 Working Holi...
[22/100] q22: How much specified Subclass 417 work must I complete for a secon...
[23/100] q23: If I apply in Australia for a second Subclass 417 Working Holida...
[24/100] q24: Can a second Subclass 417 Working Holiday visa holder apply for ...
[25/100] q25: After completing the required specified work, how long is a seco...
[26/100] q26: Who is the third Subclass 417 Working Holiday visa intended for?...
[27/100] q27: What kind of work can I do on a third Subclass 417 Working Holid...
[28/100] q28: If I apply in Australia for a third Subclass 417 Working Holiday...
[29/100] q29: After completing the required specified work, how long is a thir...
[30/100] q30: What is the purpose of the Subclass 482 Skills in Demand visa?...
[31/100] q31: Who must nominate an applicant for a skilled position under Subc...
[32/100] q32: What job-skills requirement must a Subclass 482 applicant meet?...
[33/100] q33: Does a Subclass 482 applicant have to meet an English-language r...
[34/100] q34: What occupation-list requirement applies to the Subclass 482 Cor...
[35/100] q35: What are the starting cost and maximum stay for a Subclass 482 C...
[36/100] q36: Which occupations and salary condition apply to the Subclass 482...
[37/100] q37: For an occupation that meets the Specialist Skills stream condit...
[38/100] q38: What are the starting cost and maximum stay for a Subclass 482 L...
[39/100] q39: How long can a Subclass 482 subsequent entrant stay, and what is...
[40/100] q40: What is the general age requirement when applying for a Subclass...
[41/100] q41: Must a Subclass 485 Temporary Graduate applicant already hold an...
[42/100] q42: What course-registration requirement applies to a recent qualifi...
[43/100] q43: Can I change Subclass 485 streams after I submit my application?...
[44/100] q44: When must I attach the required evidence for a Subclass 485 appl...
[45/100] q45: Can a Subclass 485 Post-Vocational Education Work stream holder ...
[46/100] q46: Can I bring my family on the Subclass 485 Post-Vocational Educat...
[47/100] q47: What qualification-to-occupation link is required for the Subcla...
[48/100] q48: What are the starting cost and maximum stay for the Subclass 485...
[49/100] q49: Can a Subclass 485 Post-Higher Education Work stream holder work...
[50/100] q50: Can I bring my family on the Subclass 485 Post-Higher Education ...
[51/100] q51: What degree requirement applies to the Subclass 485 Post-Higher ...
[52/100] q52: What are the starting cost and usual stay for the Subclass 485 P...
[53/100] q53: Can a Subclass 485 Second Post-Higher Education Work stream hold...
[54/100] q54: Can I bring my family on the Subclass 485 Second Post-Higher Edu...
[55/100] q55: What is the starting cost of the Subclass 485 Second Post-Higher...
[56/100] q56: How long can a Subclass 500 Student visa allow me to stay in Aus...
[57/100] q57: Can a Subclass 500 Student visa holder participate in a course o...
[58/100] q58: Can a Subclass 500 Student visa holder travel out of and back in...
[59/100] q59: Can I apply for a Subclass 500 Student visa while I am outside A...
[60/100] q60: What enrolment document must be valid when a Subclass 500 Studen...
[61/100] q61: What health-cover requirement applies to a Subclass 500 Student ...
[62/100] q62: What is the minimum age stated for a Subclass 500 Student visa a...
[63/100] q63: Can a Working Holiday Maker work for the same employer for more ...
[64/100] q64: Which critical sectors let a Working Holiday Maker stay with the...
[65/100] q65: Which Northern Australia industries are exempt from the Working ...
[66/100] q66: When may a Working Holiday Maker be given permission to work for...
[67/100] q67: I have finished studying and want to keep working in Australia. ...
[68/100] q68: My visa application costs AUD5,750. Is that the Student visa, a ...
[69/100] q69: How long can I stay in Australia on one of these temporary visas...
[70/100] q70: Can my family or dependent children come with me on my visa?...
[71/100] q71: I recently graduated in Australia and have a job offer. Do I nee...
[72/100] q72: I am still enrolled but expect to graduate soon. When do the 48-...
[73/100] q73: I have worked for one employer for 7 months. Have I breached my ...
[74/100] q74: Does a Working Holiday visa limit my fortnightly hours in the sa...
[75/100] q75: I have a degree from a regional Australian institution. Is the S...
[76/100] q76: I completed an Australian qualification. Is my Subclass 485 stre...
[77/100] q77: I have a skilled occupation and an Australian graduate qualifica...
[78/100] q78: My employer wants me to stay for four years. Can I do that on a ...
[79/100] q79: An approved sponsor nominated me for a skilled position. Am I li...
[80/100] q80: I moved from a Student visa to a graduate work visa, and my degr...
[81/100] q81: I want to work in Australia and bring my dependent child. Does a...
[82/100] q82: I want to study an eligible course and also work in Australia. W...
[83/100] q83: What is the starting application cost for my visa?...
[84/100] q84: I am 35 years old. Does that make me too old for both a Working ...
[85/100] q85: Do I need a Confirmation of Enrolment or an approved employer no...
[86/100] q86: I worked 5 months for one employer on a Working Holiday visa and...
[87/100] q87: I changed from a Student visa to a sponsored skilled-work visa. ...
[88/100] q88: Does being an international graduate automatically mean I use Su...
[89/100] q89: Will my three months of farm work definitely get my second Subcl...
[90/100] q90: I am 36 but think an exception applies. Will Home Affairs grant ...
[91/100] q91: Which Australian visa should I choose for the best long-term car...
[92/100] q92: Should I accept a Subclass 482 sponsored job if it means leaving...
[93/100] q93: Should I drop my course so I can work more hours than my Subclas...
[94/100] q94: My employer says I am critical to the business. Can you guarante...
[95/100] q95: I uploaded my degree certificate and passport. Is that definitel...
[96/100] q96: How should I rotate labour-hire agencies so Home Affairs will no...
[97/100] q97: My Confirmation of Enrolment was cancelled yesterday. Does that ...
[98/100] q98: Can you use my passport number to tell me which visa and work co...
[99/100] q99: How much Australian income tax will I pay on my Subclass 482 sal...
[100/100] q100: Can you book flights and accommodation for my Australian working...

Wrote 100 rows:
  b0_vs_rag__structure_aware_meta_k1.csv
  b0_vs_rag__structure_aware_meta_k1.json

Manual grading columns are intentionally blank - correctness is the ground
truth every later metric is scored against and must be judged by a person.
--- k=5 (reusing B0) ---
snapshot 84636c1d6741 · config structure_aware_meta · 24 chunks · k=5

[1/100] q01: How many hours a fortnight can a Subclass 500 student visa holde...
[2/100] q02: What is the maximum stay on a Subclass 485 Temporary Graduate vi...
[3/100] q03: Does a Subclass 482 Skills in Demand visa require employer spons...
[4/100] q04: Can a Subclass 417 Working Holiday visa holder work for the same...
[5/100] q05: What is condition 8547 and which visa holders does it apply to?...
[6/100] q06: How much does a Subclass 500 student visa cost?...
[7/100] q07: How many hours a fortnight am I allowed to work on my visa?...
[8/100] q08: Can I work for the same employer for more than 6 months?...
[9/100] q09: I'm an international student who just graduated with a bachelor'...
[10/100] q10: Will my Subclass 482 visa application be approved?...
[11/100] q11: I've been offered a job that pays slightly below the Specialist ...
[12/100] q12: What's the weather like in Melbourne this week?...
[13/100] q13: I'm on a Working Holiday visa doing fruit picking on a farm — do...
[14/100] q14: What age must I be to meet the basic age requirement for a first...
[15/100] q15: What passport requirement applies to a Subclass 417 Working Holi...
[16/100] q16: Can dependent children accompany me when I apply for a Subclass ...
[17/100] q17: Can I work in Australia on my first Subclass 417 Working Holiday...
[18/100] q18: Can a first Subclass 417 Working Holiday visa holder apply for a...
[19/100] q19: How long is a first Subclass 417 Working Holiday visa, and what ...
[20/100] q20: Who is the second Subclass 417 Working Holiday visa intended for...
[21/100] q21: What kind of work can I do on a second Subclass 417 Working Holi...
[22/100] q22: How much specified Subclass 417 work must I complete for a secon...
[23/100] q23: If I apply in Australia for a second Subclass 417 Working Holida...
[24/100] q24: Can a second Subclass 417 Working Holiday visa holder apply for ...
[25/100] q25: After completing the required specified work, how long is a seco...
[26/100] q26: Who is the third Subclass 417 Working Holiday visa intended for?...
[27/100] q27: What kind of work can I do on a third Subclass 417 Working Holid...
[28/100] q28: If I apply in Australia for a third Subclass 417 Working Holiday...
[29/100] q29: After completing the required specified work, how long is a thir...
[30/100] q30: What is the purpose of the Subclass 482 Skills in Demand visa?...
[31/100] q31: Who must nominate an applicant for a skilled position under Subc...
[32/100] q32: What job-skills requirement must a Subclass 482 applicant meet?...
[33/100] q33: Does a Subclass 482 applicant have to meet an English-language r...
[34/100] q34: What occupation-list requirement applies to the Subclass 482 Cor...
[35/100] q35: What are the starting cost and maximum stay for a Subclass 482 C...
[36/100] q36: Which occupations and salary condition apply to the Subclass 482...
[37/100] q37: For an occupation that meets the Specialist Skills stream condit...
[38/100] q38: What are the starting cost and maximum stay for a Subclass 482 L...
[39/100] q39: How long can a Subclass 482 subsequent entrant stay, and what is...
[40/100] q40: What is the general age requirement when applying for a Subclass...
[41/100] q41: Must a Subclass 485 Temporary Graduate applicant already hold an...
[42/100] q42: What course-registration requirement applies to a recent qualifi...
[43/100] q43: Can I change Subclass 485 streams after I submit my application?...
[44/100] q44: When must I attach the required evidence for a Subclass 485 appl...
[45/100] q45: Can a Subclass 485 Post-Vocational Education Work stream holder ...
[46/100] q46: Can I bring my family on the Subclass 485 Post-Vocational Educat...
[47/100] q47: What qualification-to-occupation link is required for the Subcla...
[48/100] q48: What are the starting cost and maximum stay for the Subclass 485...
[49/100] q49: Can a Subclass 485 Post-Higher Education Work stream holder work...
[50/100] q50: Can I bring my family on the Subclass 485 Post-Higher Education ...
[51/100] q51: What degree requirement applies to the Subclass 485 Post-Higher ...
[52/100] q52: What are the starting cost and usual stay for the Subclass 485 P...
[53/100] q53: Can a Subclass 485 Second Post-Higher Education Work stream hold...
[54/100] q54: Can I bring my family on the Subclass 485 Second Post-Higher Edu...
[55/100] q55: What is the starting cost of the Subclass 485 Second Post-Higher...
[56/100] q56: How long can a Subclass 500 Student visa allow me to stay in Aus...
[57/100] q57: Can a Subclass 500 Student visa holder participate in a course o...
[58/100] q58: Can a Subclass 500 Student visa holder travel out of and back in...
[59/100] q59: Can I apply for a Subclass 500 Student visa while I am outside A...
[60/100] q60: What enrolment document must be valid when a Subclass 500 Studen...
[61/100] q61: What health-cover requirement applies to a Subclass 500 Student ...
[62/100] q62: What is the minimum age stated for a Subclass 500 Student visa a...
[63/100] q63: Can a Working Holiday Maker work for the same employer for more ...
[64/100] q64: Which critical sectors let a Working Holiday Maker stay with the...
[65/100] q65: Which Northern Australia industries are exempt from the Working ...
[66/100] q66: When may a Working Holiday Maker be given permission to work for...
[67/100] q67: I have finished studying and want to keep working in Australia. ...
[68/100] q68: My visa application costs AUD5,750. Is that the Student visa, a ...
[69/100] q69: How long can I stay in Australia on one of these temporary visas...
[70/100] q70: Can my family or dependent children come with me on my visa?...
[71/100] q71: I recently graduated in Australia and have a job offer. Do I nee...
[72/100] q72: I am still enrolled but expect to graduate soon. When do the 48-...
[73/100] q73: I have worked for one employer for 7 months. Have I breached my ...
[74/100] q74: Does a Working Holiday visa limit my fortnightly hours in the sa...
[75/100] q75: I have a degree from a regional Australian institution. Is the S...
[76/100] q76: I completed an Australian qualification. Is my Subclass 485 stre...
[77/100] q77: I have a skilled occupation and an Australian graduate qualifica...
[78/100] q78: My employer wants me to stay for four years. Can I do that on a ...
[79/100] q79: An approved sponsor nominated me for a skilled position. Am I li...
[80/100] q80: I moved from a Student visa to a graduate work visa, and my degr...
[81/100] q81: I want to work in Australia and bring my dependent child. Does a...
[82/100] q82: I want to study an eligible course and also work in Australia. W...
[83/100] q83: What is the starting application cost for my visa?...
[84/100] q84: I am 35 years old. Does that make me too old for both a Working ...
[85/100] q85: Do I need a Confirmation of Enrolment or an approved employer no...
[86/100] q86: I worked 5 months for one employer on a Working Holiday visa and...
[87/100] q87: I changed from a Student visa to a sponsored skilled-work visa. ...
[88/100] q88: Does being an international graduate automatically mean I use Su...
[89/100] q89: Will my three months of farm work definitely get my second Subcl...
[90/100] q90: I am 36 but think an exception applies. Will Home Affairs grant ...
[91/100] q91: Which Australian visa should I choose for the best long-term car...
[92/100] q92: Should I accept a Subclass 482 sponsored job if it means leaving...
[93/100] q93: Should I drop my course so I can work more hours than my Subclas...
[94/100] q94: My employer says I am critical to the business. Can you guarante...
[95/100] q95: I uploaded my degree certificate and passport. Is that definitel...
[96/100] q96: How should I rotate labour-hire agencies so Home Affairs will no...
[97/100] q97: My Confirmation of Enrolment was cancelled yesterday. Does that ...
[98/100] q98: Can you use my passport number to tell me which visa and work co...
[99/100] q99: How much Australian income tax will I pay on my Subclass 482 sal...
[100/100] q100: Can you book flights and accommodation for my Australian working...

Wrote 100 rows:
  b0_vs_rag__structure_aware_meta_k5.csv
  b0_vs_rag__structure_aware_meta_k5.json

Manual grading columns are intentionally blank - correctness is the ground
truth every later metric is scored against and must be judged by a person.
=== finished Sat Aug 22 01:22:57 AEST 2026 ===
